// Jest Snapshot v1, https://goo.gl/fbAQLP

exports[`Button Component render correctly 1`] = `
<View
  accessible={true}
  collapsable={false}
  focusable={true}
  onClick={[Function]}
  onResponderGrant={[Function]}
  onResponderMove={[Function]}
  onResponderRelease={[Function]}
  onResponderTerminate={[Function]}
  onResponderTerminationRequest={[Function]}
  onStartShouldSetResponder={[Function]}
  style={
    Object {
      "backgroundColor": "#000",
      "opacity": 1,
      "paddingHorizontal": 8,
      "paddingVertical": 10,
    }
  }
>
  <Text
    style={
      Object {
        "color": "#fff",
        "textAlign": "center",
      }
    }
  >
    Submit
  </Text>
</View>
`;
